// Jest Snapshot v1, https://goo.gl/fbAQLP

exports[`<AccountSelector  /> should match snapshot 1`] = `
.c0 {
  font-family: Rubik;
  font-size: 18px;
  line-height: 24px;
  background-color: #ffffff;
  color: #16213E;
  box-sizing: border-box;
  -webkit-text-size-adjust: 100%;
  -ms-text-size-adjust: 100%;
  -moz-osx-font-smoothing: grayscale;
  -webkit-font-smoothing: antialiased;
}

.c6 {
  font-size: 18px;
  line-height: 24px;
  font-weight: bold;
}

.c10 {
  font-size: 18px;
  line-height: 24px;
}

.c2 {
  display: -webkit-box;
  display: -webkit-flex;
  display: -ms-flexbox;
  display: flex;
  box-sizing: border-box;
  max-width: 100%;
  min-width: 0;
  min-height: 0;
  -webkit-flex-direction: column;
  -ms-flex-direction: column;
  flex-direction: column;
  max-height: 400px;
  padding-top: 24px;
  padding-bottom: 24px;
  padding-right: 12px;
  overflow-y: auto;
}

.c3 {
  display: -webkit-box;
  display: -webkit-flex;
  display: -ms-flexbox;
  display: flex;
  box-sizing: border-box;
  max-width: 100%;
  border: solid 1px #0092f6;
  min-width: 0;
  min-height: 0;
  -webkit-flex-direction: row;
  -ms-flex-direction: row;
  flex-direction: row;
  -webkit-flex: 1 0 auto;
  -ms-flex: 1 0 auto;
  flex: 1 0 auto;
  width: 100%;
  padding: 12px;
  border-radius: 5px;
  cursor: pointer;
}

.c3:hover {
  background-color: #0092f6;
  color: #FFFFFF;
}

.c4 {
  display: -webkit-box;
  display: -webkit-flex;
  display: -ms-flexbox;
  display: flex;
  box-sizing: border-box;
  max-width: 100%;
  min-width: 0;
  min-height: 0;
  -webkit-flex-direction: column;
  -ms-flex-direction: column;
  flex-direction: column;
  -webkit-flex: 1 0 auto;
  -ms-flex: 1 0 auto;
  flex: 1 0 auto;
}

.c5 {
  display: -webkit-box;
  display: -webkit-flex;
  display: -ms-flexbox;
  display: flex;
  box-sizing: border-box;
  max-width: 100%;
  min-width: 0;
  min-height: 0;
  -webkit-flex-direction: column;
  -ms-flex-direction: column;
  flex-direction: column;
}

.c7 {
  display: -webkit-box;
  display: -webkit-flex;
  display: -ms-flexbox;
  display: flex;
  box-sizing: border-box;
  max-width: 100%;
  min-width: 0;
  min-height: 0;
  -webkit-flex-direction: row;
  -ms-flex-direction: row;
  flex-direction: row;
}

.c8 {
  display: -webkit-box;
  display: -webkit-flex;
  display: -ms-flexbox;
  display: flex;
  box-sizing: border-box;
  max-width: 100%;
  -webkit-align-items: flex-start;
  -webkit-box-align: flex-start;
  -ms-flex-align: flex-start;
  align-items: flex-start;
  min-width: 0;
  min-height: 0;
  -webkit-flex-direction: row;
  -ms-flex-direction: row;
  flex-direction: row;
  -webkit-flex: 1 0 auto;
  -ms-flex: 1 0 auto;
  flex: 1 0 auto;
}

.c9 {
  display: -webkit-box;
  display: -webkit-flex;
  display: -ms-flexbox;
  display: flex;
  box-sizing: border-box;
  max-width: 100%;
  min-width: 0;
  min-height: 0;
  -webkit-flex-direction: column;
  -ms-flex-direction: column;
  flex-direction: column;
  height: 24px;
}

.c11 {
  display: -webkit-box;
  display: -webkit-flex;
  display: -ms-flexbox;
  display: flex;
  box-sizing: border-box;
  max-width: 100%;
  -webkit-align-items: flex-end;
  -webkit-box-align: flex-end;
  -ms-flex-align: flex-end;
  align-items: flex-end;
  min-width: 0;
  min-height: 0;
  -webkit-flex-direction: column;
  -ms-flex-direction: column;
  flex-direction: column;
  padding-top: 24px;
}

.c1 {
  margin-top: 0px;
  font-size: 34px;
  line-height: 40px;
  max-width: 816px;
  font-weight: 600;
  overflow-wrap: break-word;
}

.c12 {
  display: inline-block;
  box-sizing: border-box;
  cursor: pointer;
  font: inherit;
  -webkit-text-decoration: none;
  text-decoration: none;
  margin: 0;
  background: transparent;
  overflow: visible;
  text-transform: none;
  border: 2px solid #0092f6;
  border-radius: 4px;
  color: #16213E;
  padding: 4px 22px;
  font-size: 18px;
  line-height: 24px;
  background-color: #0092f6;
  color: #F8F8F8;
  border-radius: 4px;
  -webkit-transition-property: color,background-color,border-color,box-shadow;
  transition-property: color,background-color,border-color,box-shadow;
  -webkit-transition-duration: 0.1s;
  transition-duration: 0.1s;
  -webkit-transition-timing-function: ease-in-out;
  transition-timing-function: ease-in-out;
  font-weight: bold;
}

.c12:hover {
  box-shadow: 0px 0px 0px 2px #0092f6;
}

.c12:focus {
  outline: none;
  box-shadow: 0 0 2px 2px #6FFFB0;
}

.c12:focus > circle,
.c12:focus > ellipse,
.c12:focus > line,
.c12:focus > path,
.c12:focus > polygon,
.c12:focus > polyline,
.c12:focus > rect {
  outline: none;
  box-shadow: 0 0 2px 2px #6FFFB0;
}

.c12:focus::-moz-focus-inner {
  border: 0;
}

.c12:focus:not(:focus-visible) {
  outline: none;
  box-shadow: none;
}

.c12:focus:not(:focus-visible) > circle,.c12:focus:not(:focus-visible) > ellipse,
.c12:focus:not(:focus-visible) > line,.c12:focus:not(:focus-visible) > path,
.c12:focus:not(:focus-visible) > polygon,.c12:focus:not(:focus-visible) > polyline,
.c12:focus:not(:focus-visible) > rect {
  outline: none;
  box-shadow: none;
}

.c12:focus:not(:focus-visible)::-moz-focus-inner {
  border: 0;
}

@media only screen and (max-width:768px) {
  .c2 {
    padding-top: 12px;
    padding-bottom: 12px;
  }
}

@media only screen and (max-width:768px) {
  .c2 {
    padding-right: 6px;
  }
}

@media only screen and (max-width:768px) {
  .c3 {
    border: solid 1px #0092f6;
  }
}

@media only screen and (max-width:768px) {
  .c3 {
    padding: 6px;
  }
}

@media only screen and (max-width:768px) {
  .c7 {
    -webkit-flex-direction: column;
    -ms-flex-direction: column;
    flex-direction: column;
    -webkit-flex-basis: auto;
    -ms-flex-preferred-size: auto;
    flex-basis: auto;
    -webkit-box-pack: start;
    -webkit-justify-content: flex-start;
    -ms-flex-pack: start;
    justify-content: flex-start;
    -webkit-align-items: stretch;
    -webkit-box-align: stretch;
    -ms-flex-align: stretch;
    align-items: stretch;
  }
}

@media only screen and (max-width:768px) {
  .c11 {
    padding-top: 12px;
  }
}

@media only screen and (max-width:768px) {

}

@media only screen and (max-width:768px) {
  .c1 {
    margin-top: 0px;
  }
}

@media only screen and (max-width:768px) {
  .c1 {
    font-size: 26px;
    line-height: 32px;
    max-width: 624px;
  }
}

<body>
  <div>
    <div
      class="c0"
      style="min-height: 100vh;"
    >
      <h2
        class="c1"
      >
        toolbar.wallets.switchOtherWallet
      </h2>
      <div
        class="c2"
      >
        <div
          aria-checked="false"
          class="c3"
          data-testid="account-choice"
          role="checkbox"
          tabindex="0"
        >
          <div
            class="c4"
          >
            <div
              class="c5"
            >
              <span
                class="c6"
              >
                <span
                  class="notranslate"
                  translate="no"
                >
                  oasis1qq3x...rscnlwxe
                </span>
              </span>
            </div>
            <div
              class="c7"
            >
              <div
                class="c8"
              >
                toolbar.wallets.type.ledger
                 
              </div>
              <div
                class="c9"
              >
                <span>
                  <span>
                    0.0000001
                  </span>
                  <span
                    class="c10"
                  >
                    <span
                      class="notranslate"
                      translate="no"
                    >
                       
                    </span>
                  </span>
                </span>
              </div>
            </div>
          </div>
        </div>
      </div>
      <div
        class="c11"
      >
        <button
          class="c12"
          type="button"
        >
          toolbar.wallets.close
        </button>
      </div>
    </div>
  </div>
</body>
`;
