// Jest Snapshot v1, https://goo.gl/fbAQLP

exports[`<FromMnemonic/> should match snapshot 1`] = `
.c1 {
  display: -webkit-box;
  display: -webkit-flex;
  display: -ms-flexbox;
  display: flex;
  box-sizing: border-box;
  max-width: 100%;
  margin: 12px;
  background-color: #FFFFFF;
  color: #444444;
  border: solid 1px #EDEDED;
  min-width: 0;
  min-height: 0;
  -webkit-flex-direction: column;
  -ms-flex-direction: column;
  flex-direction: column;
  padding: 24px;
  border-radius: 5px;
}

.c5 {
  display: -webkit-box;
  display: -webkit-flex;
  display: -ms-flexbox;
  display: flex;
  box-sizing: border-box;
  max-width: 100%;
  min-width: 0;
  min-height: 0;
  -webkit-flex-direction: column;
  -ms-flex-direction: column;
  flex-direction: column;
}

.c6 {
  display: -webkit-box;
  display: -webkit-flex;
  display: -ms-flexbox;
  display: flex;
  box-sizing: border-box;
  max-width: 100%;
  margin-bottom: 12px;
  min-width: 0;
  min-height: 0;
  -webkit-flex-direction: column;
  -ms-flex-direction: column;
  flex-direction: column;
}

.c7 {
  display: -webkit-box;
  display: -webkit-flex;
  display: -ms-flexbox;
  display: flex;
  box-sizing: border-box;
  max-width: 100%;
  border-bottom: solid 1px rgba(0,0,0,0.33);
  min-width: 0;
  min-height: 0;
  -webkit-flex-direction: column;
  -ms-flex-direction: column;
  flex-direction: column;
}

.c9 {
  display: -webkit-box;
  display: -webkit-flex;
  display: -ms-flexbox;
  display: flex;
  box-sizing: border-box;
  max-width: 100%;
  margin-top: 24px;
  min-width: 0;
  min-height: 0;
  -webkit-flex-direction: row;
  -ms-flex-direction: row;
  flex-direction: row;
}

.c11 {
  display: -webkit-box;
  display: -webkit-flex;
  display: -ms-flexbox;
  display: flex;
  box-sizing: border-box;
  max-width: 100%;
  background: #11111108;
  min-width: 0;
  min-height: 0;
  -webkit-flex-direction: column;
  -ms-flex-direction: column;
  flex-direction: column;
}

.c13 {
  display: -webkit-box;
  display: -webkit-flex;
  display: -ms-flexbox;
  display: flex;
  box-sizing: border-box;
  max-width: 100%;
  margin: 6px;
  background: #11111108;
  border-bottom: solid 1px rgba(0,0,0,0.33);
  min-width: 0;
  min-height: 0;
  -webkit-flex-direction: row;
  -ms-flex-direction: row;
  flex-direction: row;
  padding: 6px;
}

.c14 {
  display: -webkit-box;
  display: -webkit-flex;
  display: -ms-flexbox;
  display: flex;
  box-sizing: border-box;
  max-width: 100%;
  min-width: 0;
  min-height: 0;
  -webkit-flex-direction: column;
  -ms-flex-direction: column;
  flex-direction: column;
  padding-right: 12px;
}

.c15 {
  font-size: 18px;
  line-height: 24px;
}

.c10 {
  display: inline-block;
  box-sizing: border-box;
  cursor: pointer;
  font: inherit;
  -webkit-text-decoration: none;
  text-decoration: none;
  margin: 0;
  background: transparent;
  overflow: visible;
  text-transform: none;
  border: 2px solid #0092f6;
  border-radius: 4px;
  color: #444444;
  padding: 4px 22px;
  font-size: 18px;
  line-height: 24px;
  background-color: #0092f6;
  color: #f8f8f8;
  border-radius: 4px;
  -webkit-transition-property: color,background-color,border-color,box-shadow;
  transition-property: color,background-color,border-color,box-shadow;
  -webkit-transition-duration: 0.1s;
  transition-duration: 0.1s;
  -webkit-transition-timing-function: ease-in-out;
  transition-timing-function: ease-in-out;
  font-weight: bold;
}

.c10:hover {
  box-shadow: 0px 0px 0px 2px #0092f6;
}

.c10:focus {
  outline: none;
  box-shadow: 0 0 2px 2px #6FFFB0;
}

.c10:focus > circle,
.c10:focus > ellipse,
.c10:focus > line,
.c10:focus > path,
.c10:focus > polygon,
.c10:focus > polyline,
.c10:focus > rect {
  outline: none;
  box-shadow: 0 0 2px 2px #6FFFB0;
}

.c10:focus::-moz-focus-inner {
  border: 0;
}

.c10:focus:not(:focus-visible) {
  outline: none;
  box-shadow: none;
}

.c10:focus:not(:focus-visible) > circle,.c10:focus:not(:focus-visible) > ellipse,
.c10:focus:not(:focus-visible) > line,.c10:focus:not(:focus-visible) > path,
.c10:focus:not(:focus-visible) > polygon,.c10:focus:not(:focus-visible) > polyline,
.c10:focus:not(:focus-visible) > rect {
  outline: none;
  box-shadow: none;
}

.c10:focus:not(:focus-visible)::-moz-focus-inner {
  border: 0;
}

.c3 {
  margin-top: 0px;
  font-size: 34px;
  line-height: 40px;
  max-width: 816px;
  font-weight: 600;
}

.c12 {
  display: grid;
  box-sizing: border-box;
  grid-template-columns: repeat( auto-fill,minmax(14ch,1fr) );
}

.c2 {
  display: grid;
  box-sizing: border-box;
  grid-template-columns: repeat( auto-fill,minmax(100%,1fr) );
  grid-gap: 12px 12px;
  padding: 0px;
}

.c0 {
  font-family: Rubik;
  font-size: 18px;
  line-height: 24px;
  background-color: #ffffff;
  color: #444444;
  box-sizing: border-box;
  -webkit-text-size-adjust: 100%;
  -ms-text-size-adjust: 100%;
  -moz-osx-font-smoothing: grayscale;
  -webkit-font-smoothing: antialiased;
}

.c4 {
  font-size: 18px;
  line-height: 24px;
  max-width: 432px;
}

.c8 {
  box-sizing: border-box;
  font-size: inherit;
  font-family: inherit;
  border: none;
  -webkit-appearance: none;
  background: transparent;
  color: inherit;
  width: 100%;
  padding: 11px;
  font-weight: 600;
  margin: 0;
  font-size: 18px;
  line-height: 24px;
  border: 1px solid rgba(0,0,0,0.33);
  border-radius: 4px;
  height: 100%;
}

.c8:focus {
  outline: none;
  box-shadow: 0 0 2px 2px #6FFFB0;
}

.c8:focus > circle,
.c8:focus > ellipse,
.c8:focus > line,
.c8:focus > path,
.c8:focus > polygon,
.c8:focus > polyline,
.c8:focus > rect {
  outline: none;
  box-shadow: 0 0 2px 2px #6FFFB0;
}

.c8:focus::-moz-focus-inner {
  border: 0;
}

.c8::-webkit-input-placeholder {
  color: #AAAAAA;
}

.c8::-moz-placeholder {
  color: #AAAAAA;
}

.c8:-ms-input-placeholder {
  color: #AAAAAA;
}

.c8::-webkit-search-decoration {
  -webkit-appearance: none;
}

.c8::-moz-focus-inner {
  border: none;
  outline: none;
}

.c8:-moz-placeholder,
.c8::-moz-placeholder {
  opacity: 1;
}

@media only screen and (max-width:768px) {
  .c1 {
    margin: 6px;
  }
}

@media only screen and (max-width:768px) {
  .c1 {
    border: solid 1px #EDEDED;
  }
}

@media only screen and (max-width:768px) {
  .c1 {
    padding: 12px;
  }
}

@media only screen and (max-width:768px) {
  .c6 {
    margin-bottom: 6px;
  }
}

@media only screen and (max-width:768px) {
  .c7 {
    border-bottom: solid 1px rgba(0,0,0,0.33);
  }
}

@media only screen and (max-width:768px) {
  .c9 {
    margin-top: 12px;
  }
}

@media only screen and (max-width:768px) {
  .c13 {
    margin: 3px;
  }
}

@media only screen and (max-width:768px) {
  .c13 {
    border-bottom: solid 1px rgba(0,0,0,0.33);
  }
}

@media only screen and (max-width:768px) {
  .c13 {
    padding: 3px;
  }
}

@media only screen and (max-width:768px) {
  .c14 {
    padding-right: 6px;
  }
}

@media only screen and (max-width:768px) {
  .c3 {
    margin-top: 0px;
  }
}

@media only screen and (max-width:768px) {
  .c3 {
    font-size: 26px;
    line-height: 32px;
    max-width: 624px;
  }
}

@media only screen and (max-width:768px) {

}

@media only screen and (max-width:768px) {
  .c2 {
    padding: 0px;
  }
}

<div
  class="c0"
  style="min-height: 100vh;"
>
  <div
    class="c1"
  >
    <div
      class="c2"
    >
      <form>
        <h1
          class="c3"
        >
          openWallet.mnemonic.header
        </h1>
        <p
          class="c4"
        >
          openWallet.mnemonic.instruction
        </p>
        <div
          class="c5"
        >
          <div
            class="c6 "
          >
            <div
              class="c7 "
            >
              <div
                class="c5"
              >
                <textarea
                  class="c8"
                  data-testid="mnemonic"
                  id="mnemonic"
                  placeholder="openWallet.mnemonic.enterPhraseHere"
                  rows="5"
                />
              </div>
            </div>
          </div>
        </div>
        <div
          class="c9"
        >
          <button
            class="c10"
            type="submit"
          >
            openWallet.mnemonic.import
          </button>
        </div>
      </form>
      <div
        class="c11"
      >
        <span
          class="notranslate"
          translate="no"
        >
          <div
            class="c12"
            data-testid="mnemonic-grid"
          >
            <div
              class="c13"
            >
              <div
                class="c14"
              >
                <span
                  class="c15"
                  style="user-select: none;"
                >
                  1
                  .
                </span>
              </div>
              <div
                class="c5"
              >
                <span
                  class="notranslate"
                  translate="no"
                >
                  <strong
                    style="white-space: pre;"
                  />
                </span>
              </div>
            </div>
          </div>
        </span>
      </div>
    </div>
  </div>
</div>
`;
